// Jest Snapshot v1, https://goo.gl/fbAQLP

exports[`Link changes the class when hovered 1`] = `
Object {
  "className": "Resource-wrapper-1",
  "openDialog": [Function],
}
`;
